[debug] [2024-11-17T07:37:47.145Z] ----------------------------------------------------------------------
[debug] [2024-11-17T07:37:47.150Z] Command:       /opt/homebrew/Cellar/node/22.3.0/bin/node /Users/mac/.npm-global/bin/firebase init
[debug] [2024-11-17T07:37:47.150Z] CLI Version:   13.25.0
[debug] [2024-11-17T07:37:47.150Z] Platform:      darwin
[debug] [2024-11-17T07:37:47.150Z] Node Version:  v22.3.0
[debug] [2024-11-17T07:37:47.151Z] Time:          Sun Nov 17 2024 14:37:47 GMT+0700 (Indochina Time)
[debug] [2024-11-17T07:37:47.151Z] ----------------------------------------------------------------------
[debug] 
[debug] [2024-11-17T07:37:47.154Z] > command requires scopes: ["email","openid","https://www.googleapis.com/auth/cloudplatformprojects.readonly","https://www.googleapis.com/auth/firebase","https://www.googleapis.com/auth/cloud-platform"]
[debug] [2024-11-17T07:37:47.155Z] > authorizing via signed-in user (atipthummakul@gmail.com)
[info] 
     ######## #### ########  ######## ########     ###     ######  ########
     ##        ##  ##     ## ##       ##     ##  ##   ##  ##       ##
     ######    ##  ########  ######   ########  #########  ######  ######
     ##        ##  ##    ##  ##       ##     ## ##     ##       ## ##
     ##       #### ##     ## ######## ########  ##     ##  ######  ########

You're about to initialize a Firebase project in this directory:

  /Users/mac/Desktop/Test/athip-test-firebase

[info] 
=== Project Setup
[info] 
[info] First, let's associate this project directory with a Firebase project.
[info] You can create multiple project aliases by running firebase use --add, 
[info] but for now we'll just set up a default project.
[info] 
[debug] [2024-11-17T07:38:23.304Z] Checked if tokens are valid: true, expires at: 1731832524218
[debug] [2024-11-17T07:38:23.305Z] Checked if tokens are valid: true, expires at: 1731832524218
[debug] [2024-11-17T07:38:23.308Z] >>> [apiv2][query] GET https://firebase.googleapis.com/v1beta1/projects pageSize=100
[debug] [2024-11-17T07:38:24.022Z] <<< [apiv2][status] GET https://firebase.googleapis.com/v1beta1/projects 200
[debug] [2024-11-17T07:38:24.022Z] <<< [apiv2][body] GET https://firebase.googleapis.com/v1beta1/projects [omitted]
[info] i  Using project order-714f9 (order) 
[info] 
=== Hosting Setup
[debug] [2024-11-17T07:38:27.330Z] Checked if tokens are valid: true, expires at: 1731832524218
[debug] [2024-11-17T07:38:27.330Z] Checked if tokens are valid: true, expires at: 1731832524218
[debug] [2024-11-17T07:38:27.331Z] >>> [apiv2][query] GET https://firebase.googleapis.com/v1beta1/projects/order-714f9 [none]
[debug] [2024-11-17T07:38:27.694Z] <<< [apiv2][status] GET https://firebase.googleapis.com/v1beta1/projects/order-714f9 200
[debug] [2024-11-17T07:38:27.695Z] <<< [apiv2][body] GET https://firebase.googleapis.com/v1beta1/projects/order-714f9 {"projectId":"order-714f9","projectNumber":"748389711345","displayName":"order","name":"projects/order-714f9","resources":{"hostingSite":"order-714f9"},"state":"ACTIVE","etag":"1_4954af51-de9c-4675-a89c-07a6aad04538"}
[info] 
[info] Your public directory is the folder (relative to your project directory) that
[info] will contain Hosting assets to be uploaded with firebase deploy. If you
[info] have a build process for your assets, use your build's output directory.
[info] 
[debug] [2024-11-17T07:39:30.521Z] >>> [apiv2][query] GET https://www.gstatic.com/firebasejs/releases.json [none]
[debug] [2024-11-17T07:39:30.657Z] <<< [apiv2][status] GET https://www.gstatic.com/firebasejs/releases.json 200
[debug] [2024-11-17T07:39:30.657Z] <<< [apiv2][body] GET https://www.gstatic.com/firebasejs/releases.json {"current":{"version":"11.0.2","browserURL":"https://www.gstatic.com/firebasejs/11.0.2/firebase.js","packageURL":"https://www.gstatic.com/firebasejs/11.0.2/firebase.tgz"},"live":{"version":"11.0","browserURL":"https://www.gstatic.com/firebasejs/live/11.0/firebase.js","packageURL":"https://www.gstatic.com/firebasejs/live/11.0/firebase.tgz"},"components":{"analytics":"https://www.gstatic.com/firebasejs/11.0.2/firebase-analytics.js","app":"https://www.gstatic.com/firebasejs/11.0.2/firebase-app.js","app-check":"https://www.gstatic.com/firebasejs/11.0.2/firebase-app-check.js","auth":"https://www.gstatic.com/firebasejs/11.0.2/firebase-auth.js","auth/cordova":"https://www.gstatic.com/firebasejs/11.0.2/firebase-auth/cordova.js","auth/web-extension":"https://www.gstatic.com/firebasejs/11.0.2/firebase-auth/web-extension.js","functions":"https://www.gstatic.com/firebasejs/11.0.2/firebase-functions.js","firestore":"https://www.gstatic.com/firebasejs/11.0.2/firebase-firestore.js","firestore/lite":"https://www.gstatic.com/firebasejs/11.0.2/firebase-firestore/lite.js","installations":"https://www.gstatic.com/firebasejs/11.0.2/firebase-installations.js","storage":"https://www.gstatic.com/firebasejs/11.0.2/firebase-storage.js","performance":"https://www.gstatic.com/firebasejs/11.0.2/firebase-performance.js","remote-config":"https://www.gstatic.com/firebasejs/11.0.2/firebase-remote-config.js","messaging":"https://www.gstatic.com/firebasejs/11.0.2/firebase-messaging.js","messaging/sw":"https://www.gstatic.com/firebasejs/11.0.2/firebase-messaging/sw.js","database":"https://www.gstatic.com/firebasejs/11.0.2/firebase-database.js","vertexai":"https://www.gstatic.com/firebasejs/11.0.2/firebase-vertexai.js","data-connect":"https://www.gstatic.com/firebasejs/11.0.2/firebase-data-connect.js","firestore.memory":"https://www.gstatic.com/firebasejs/11.0.2/firebase-firestore.memory.js"}}
[info] ✔  Wrote public/index.html 
[info] 
[info] i  Detected a .git folder at /Users/mac/Desktop/Test/athip-test-firebase 
[info] i  Authorizing with GitHub to upload your service account to a GitHub repository's secrets store. 
[info] 
[info] Visit this URL on this device to log in:
[info] https://github.com/login/oauth/authorize?client_id=89cf50f02ac6aaed3484&state=899614398&redirect_uri=http%3A%2F%2Flocalhost%3A9005&scope=read%3Auser%20repo%20public_repo
[info] 
[info] Waiting for authentication...
[debug] [2024-11-17T07:39:58.527Z] >>> [apiv2][query] POST https://github.com/login/oauth/access_token [none]
[debug] [2024-11-17T07:39:58.528Z] >>> [apiv2][body] POST https://github.com/login/oauth/access_token [stream]
[debug] [2024-11-17T07:39:59.041Z] <<< [apiv2][status] POST https://github.com/login/oauth/access_token 200
[debug] [2024-11-17T07:39:59.041Z] <<< [apiv2][body] POST https://github.com/login/oauth/access_token {"access_token":"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","token_type":"bearer","scope":"read:user,repo"}
[debug] [2024-11-17T07:39:59.070Z] >>> [apiv2][query] GET https://api.github.com/user [none]
[debug] [2024-11-17T07:39:59.653Z] <<< [apiv2][status] GET https://api.github.com/user 200
[debug] [2024-11-17T07:39:59.654Z] <<< [apiv2][body] GET https://api.github.com/user {"login":"auyatip","id":140935376,"node_id":"U_kgDOCGaA0A","avatar_url":"https://avatars.githubusercontent.com/u/140935376?v=4","gravatar_id":"","url":"https://api.github.com/users/auyatip","html_url":"https://github.com/auyatip","followers_url":"https://api.github.com/users/auyatip/followers","following_url":"https://api.github.com/users/auyatip/following{/other_user}","gists_url":"https://api.github.com/users/auyatip/gists{/gist_id}","starred_url":"https://api.github.com/users/auyatip/starred{/owner}{/repo}","subscriptions_url":"https://api.github.com/users/auyatip/subscriptions","organizations_url":"https://api.github.com/users/auyatip/orgs","repos_url":"https://api.github.com/users/auyatip/repos","events_url":"https://api.github.com/users/auyatip/events{/privacy}","received_events_url":"https://api.github.com/users/auyatip/received_events","type":"User","user_view_type":"private","site_admin":false,"name":"TA","company":null,"blog":"","location":null,"email":null,"hireable":null,"bio":null,"twitter_username":null,"notification_email":null,"public_repos":18,"public_gists":0,"followers":1,"following":0,"created_at":"2023-07-30T05:19:48Z","updated_at":"2024-10-22T10:30:37Z","private_gists":0,"total_private_repos":1,"owned_private_repos":1,"disk_usage":37565,"collaborators":0,"two_factor_authentication":false,"plan":{"name":"free","space":976562499,"collaborators":0,"private_repos":10000}}
[info] 
[info] ✔  Success! Logged into GitHub as auyatip 
[info] 
[debug] [2024-11-17T07:40:07.356Z] >>> [apiv2][query] GET https://api.github.com/repos//actions/secrets/public-key type=owner
[debug] [2024-11-17T07:40:07.787Z] >>> [apiv2][query] GET https://api.github.com/repos//actions/secrets/public-key type=owner
[debug] [2024-11-17T07:40:07.803Z] <<< [apiv2][status] GET https://api.github.com/repos//actions/secrets/public-key 404
[debug] [2024-11-17T07:40:07.804Z] <<< [apiv2][body] GET https://api.github.com/repos//actions/secrets/public-key {"message":"Not Found","documentation_url":"https://docs.github.com/rest","status":"404"}
[info] 
[info] 
[error] ⚠  The provided authorization cannot be used with this repository. If this repository is in an organization, did you remember to grant access? 
[info] 
[info] i  Action required: Visit this URL to ensure access has been granted to the appropriate organization(s) for the Firebase CLI GitHub OAuth App: 
[info] https://github.com/settings/connections/applications/89cf50f02ac6aaed3484
[info] 
[debug] [2024-11-17T07:40:08.255Z] <<< [apiv2][status] GET https://api.github.com/repos//actions/secrets/public-key 404
[debug] [2024-11-17T07:40:08.255Z] <<< [apiv2][body] GET https://api.github.com/repos//actions/secrets/public-key {"message":"Not Found","documentation_url":"https://docs.github.com/rest","status":"404"}
[info] 
[info] 
[error] ⚠  The provided authorization cannot be used with this repository. If this repository is in an organization, did you remember to grant access? 
[info] 
[info] i  Action required: Visit this URL to ensure access has been granted to the appropriate organization(s) for the Firebase CLI GitHub OAuth App: 
[info] https://github.com/settings/connections/applications/89cf50f02ac6aaed3484
[info] 
[debug] [2024-11-17T07:41:25.113Z] >>> [apiv2][query] GET https://api.github.com/repos//actions/secrets/public-key type=owner
[debug] [2024-11-17T07:41:25.538Z] >>> [apiv2][query] GET https://api.github.com/repos//actions/secrets/public-key type=owner
[debug] [2024-11-17T07:41:25.559Z] <<< [apiv2][status] GET https://api.github.com/repos//actions/secrets/public-key 404
[debug] [2024-11-17T07:41:25.559Z] <<< [apiv2][body] GET https://api.github.com/repos//actions/secrets/public-key {"message":"Not Found","documentation_url":"https://docs.github.com/rest","status":"404"}
[info] 
[info] 
[error] ⚠  The provided authorization cannot be used with this repository. If this repository is in an organization, did you remember to grant access? 
[info] 
[info] i  Action required: Visit this URL to ensure access has been granted to the appropriate organization(s) for the Firebase CLI GitHub OAuth App: 
[info] https://github.com/settings/connections/applications/89cf50f02ac6aaed3484
[info] 
[debug] [2024-11-17T07:41:25.979Z] <<< [apiv2][status] GET https://api.github.com/repos//actions/secrets/public-key 404
[debug] [2024-11-17T07:41:25.980Z] <<< [apiv2][body] GET https://api.github.com/repos//actions/secrets/public-key {"message":"Not Found","documentation_url":"https://docs.github.com/rest","status":"404"}
[info] 
[info] 
[error] ⚠  The provided authorization cannot be used with this repository. If this repository is in an organization, did you remember to grant access? 
[info] 
[info] i  Action required: Visit this URL to ensure access has been granted to the appropriate organization(s) for the Firebase CLI GitHub OAuth App: 
[info] https://github.com/settings/connections/applications/89cf50f02ac6aaed3484
[info] 
[debug] [2024-11-17T07:41:26.231Z] >>> [apiv2][query] GET https://api.github.com/repos//actions/secrets/public-key type=owner
[debug] [2024-11-17T07:41:26.530Z] <<< [apiv2][status] GET https://api.github.com/repos//actions/secrets/public-key 404
[debug] [2024-11-17T07:41:26.531Z] <<< [apiv2][body] GET https://api.github.com/repos//actions/secrets/public-key {"message":"Not Found","documentation_url":"https://docs.github.com/rest","status":"404"}
[info] 
[info] 
[error] ⚠  The provided authorization cannot be used with this repository. If this repository is in an organization, did you remember to grant access? 
[info] 
[info] i  Action required: Visit this URL to ensure access has been granted to the appropriate organization(s) for the Firebase CLI GitHub OAuth App: 
[info] https://github.com/settings/connections/applications/89cf50f02ac6aaed3484
[info] 
[debug] [2024-11-17T07:41:26.854Z] >>> [apiv2][query] GET https://api.github.com/repos//actions/secrets/public-key type=owner
[debug] [2024-11-17T07:41:27.208Z] <<< [apiv2][status] GET https://api.github.com/repos//actions/secrets/public-key 404
[debug] [2024-11-17T07:41:27.208Z] <<< [apiv2][body] GET https://api.github.com/repos//actions/secrets/public-key {"message":"Not Found","documentation_url":"https://docs.github.com/rest","status":"404"}
[info] 
[info] 
[error] ⚠  The provided authorization cannot be used with this repository. If this repository is in an organization, did you remember to grant access? 
[info] 
[info] i  Action required: Visit this URL to ensure access has been granted to the appropriate organization(s) for the Firebase CLI GitHub OAuth App: 
[info] https://github.com/settings/connections/applications/89cf50f02ac6aaed3484
[info] 
